  Building Custom Rule E:/PPS/Baitap/game/LTNC-GameN6-main/10_Network/Source/CMakeLists.txt
  Main.cpp
  Aircraft.cpp
  Animation.cpp
  Application.cpp
  Button.cpp
  BloomEffect.cpp
E:\PPS\Baitap\game\LTNC-GameN6-main\10_Network\Source\BloomEffect.cpp(56,12): warning C4996: 'sf::Shader::setParameter': was declared deprecated
E:\PPS\Baitap\game\LTNC-GameN6-main\10_Network\Source\BloomEffect.cpp(76,14): warning C4996: 'sf::Shader::setParameter': was declared deprecated
E:\PPS\Baitap\game\LTNC-GameN6-main\10_Network\Source\BloomEffect.cpp(77,14): warning C4996: 'sf::Shader::setParameter': was declared deprecated
E:\PPS\Baitap\game\LTNC-GameN6-main\10_Network\Source\BloomEffect.cpp(86,13): warning C4996: 'sf::Shader::setParameter': was declared deprecated
E:\PPS\Baitap\game\LTNC-GameN6-main\10_Network\Source\BloomEffect.cpp(87,13): warning C4996: 'sf::Shader::setParameter': was declared deprecated
E:\PPS\Baitap\game\LTNC-GameN6-main\10_Network\Source\BloomEffect.cpp(96,7): warning C4996: 'sf::Shader::setParameter': was declared deprecated
E:\PPS\Baitap\game\LTNC-GameN6-main\10_Network\Source\BloomEffect.cpp(97,7): warning C4996: 'sf::Shader::setParameter': was declared deprecated
  Command.cpp
  CommandQueue.cpp
  Component.cpp
  Container.cpp
E:\PPS\Baitap\game\LTNC-GameN6-main\10_Network\Source\Container.cpp(77,25): warning C4267: '=': conversion from 'size_t' to 'int', possible loss of data
E:\PPS\Baitap\game\LTNC-GameN6-main\10_Network\Source\Container.cpp(104,58): warning C4267: '=': conversion from 'size_t' to 'int', possible loss of data
  DataTables.cpp
  EmitterNode.cpp
  Entity.cpp
  GameOverState.cpp
  GameServer.cpp
  GameState.cpp
  KeyBinding.cpp
  Label.cpp
  MenuState.cpp
  MultiplayerGameState.cpp
E:\PPS\Baitap\game\LTNC-GameN6-main\10_Network\Source\MultiplayerGameState.cpp(47,23): warning C4996: 'sf::Text::setColor': was declared deprecated
E:\PPS\Baitap\game\LTNC-GameN6-main\10_Network\Source\MultiplayerGameState.cpp(55,23): warning C4996: 'sf::Text::setColor': was declared deprecated
  Generating Code...
  Compiling...
  MusicPlayer.cpp
  NetworkNode.cpp
  PauseState.cpp
  ParticleNode.cpp
  Pickup.cpp
  Player.cpp
  PostEffect.cpp
  Projectile.cpp
  SceneNode.cpp
  SettingsState.cpp
  SpriteNode.cpp
  TextNode.cpp
  SoundNode.cpp
  SoundPlayer.cpp
  State.cpp
  StateStack.cpp
  TitleState.cpp
  Utility.cpp
  World.cpp
  Generating Code...
  10_Network.vcxproj -> E:\GAME LTNC\10_Network\Source\Release\10_Network.exe
