  Building Custom Rule E:/PPS/Baitap/game/LTNC-GameN6-main/09_Audio/Source/CMakeLists.txt
  Main.cpp
  Aircraft.cpp
  Animation.cpp
  Application.cpp
  Button.cpp
  BloomEffect.cpp
E:\PPS\Baitap\game\LTNC-GameN6-main\09_Audio\Source\BloomEffect.cpp(56,12): warning C4996: 'sf::Shader::setParameter': was declared deprecated
E:\PPS\Baitap\game\LTNC-GameN6-main\09_Audio\Source\BloomEffect.cpp(76,14): warning C4996: 'sf::Shader::setParameter': was declared deprecated
E:\PPS\Baitap\game\LTNC-GameN6-main\09_Audio\Source\BloomEffect.cpp(77,14): warning C4996: 'sf::Shader::setParameter': was declared deprecated
E:\PPS\Baitap\game\LTNC-GameN6-main\09_Audio\Source\BloomEffect.cpp(86,13): warning C4996: 'sf::Shader::setParameter': was declared deprecated
E:\PPS\Baitap\game\LTNC-GameN6-main\09_Audio\Source\BloomEffect.cpp(87,13): warning C4996: 'sf::Shader::setParameter': was declared deprecated
E:\PPS\Baitap\game\LTNC-GameN6-main\09_Audio\Source\BloomEffect.cpp(96,7): warning C4996: 'sf::Shader::setParameter': was declared deprecated
E:\PPS\Baitap\game\LTNC-GameN6-main\09_Audio\Source\BloomEffect.cpp(97,7): warning C4996: 'sf::Shader::setParameter': was declared deprecated
  Command.cpp
  CommandQueue.cpp
  Component.cpp
  Container.cpp
E:\PPS\Baitap\game\LTNC-GameN6-main\09_Audio\Source\Container.cpp(77,25): warning C4267: '=': conversion from 'size_t' to 'int', possible loss of data
E:\PPS\Baitap\game\LTNC-GameN6-main\09_Audio\Source\Container.cpp(104,58): warning C4267: '=': conversion from 'size_t' to 'int', possible loss of data
  DataTables.cpp
  EmitterNode.cpp
  Entity.cpp
  GameOverState.cpp
  GameState.cpp
  Label.cpp
  MenuState.cpp
  MusicPlayer.cpp
  PauseState.cpp
  ParticleNode.cpp
  Generating Code...
  Compiling...
  Pickup.cpp
  Player.cpp
  PostEffect.cpp
  Projectile.cpp
  SceneNode.cpp
  SettingsState.cpp
  SoundNode.cpp
  SoundPlayer.cpp
  SpriteNode.cpp
  State.cpp
  StateStack.cpp
  TextNode.cpp
  TitleState.cpp
  Utility.cpp
  World.cpp
  Generating Code...
  09_Audio.vcxproj -> E:\GAME LTNC\09_Audio\Source\Release\09_Audio.exe
