  Building Custom Rule E:/PPS/Baitap/game/LTNC-GameN6-main/06_Menus/Source/CMakeLists.txt
  Main.cpp
  Aircraft.cpp
  Application.cpp
  Button.cpp
  Command.cpp
  CommandQueue.cpp
  Component.cpp
  Container.cpp
E:\PPS\Baitap\game\LTNC-GameN6-main\06_Menus\Source\Container.cpp(77,25): warning C4267: '=': conversion from 'size_t' to 'int', possible loss of data
E:\PPS\Baitap\game\LTNC-GameN6-main\06_Menus\Source\Container.cpp(104,58): warning C4267: '=': conversion from 'size_t' to 'int', possible loss of data
  Entity.cpp
  GameState.cpp
  Label.cpp
  MenuState.cpp
  PauseState.cpp
  Player.cpp
  SceneNode.cpp
  SettingsState.cpp
  SpriteNode.cpp
  State.cpp
  StateStack.cpp
  TitleState.cpp
  Generating Code...
  Compiling...
  Utility.cpp
  World.cpp
  Generating Code...
  06_Menus.vcxproj -> E:\GAME LTNC\06_Menus\Source\Release\06_Menus.exe
