  Building Custom Rule E:/PPS/Baitap/game/LTNC-GameN6-main/07_Gameplay/Source/CMakeLists.txt
  Main.cpp
  Aircraft.cpp
  Application.cpp
  Button.cpp
  Command.cpp
  CommandQueue.cpp
  Component.cpp
  Container.cpp
E:\PPS\Baitap\game\LTNC-GameN6-main\07_Gameplay\Source\Container.cpp(77,25): warning C4267: '=': conversion from 'size_t' to 'int', possible loss of data
E:\PPS\Baitap\game\LTNC-GameN6-main\07_Gameplay\Source\Container.cpp(104,58): warning C4267: '=': conversion from 'size_t' to 'int', possible loss of data
  DataTables.cpp
  Entity.cpp
  GameOverState.cpp
  GameState.cpp
  Label.cpp
  MenuState.cpp
  PauseState.cpp
  Pickup.cpp
  Player.cpp
  Projectile.cpp
  SceneNode.cpp
  SettingsState.cpp
  Generating Code...
  Compiling...
  SpriteNode.cpp
  TextNode.cpp
  State.cpp
  StateStack.cpp
  TitleState.cpp
  Utility.cpp
  World.cpp
  Generating Code...
  07_Gameplay.vcxproj -> E:\GAME LTNC\07_Gameplay\Source\Release\07_Gameplay.exe
